com\webcheckers\model\Space$SpaceColor.class
com\webcheckers\ui\WebServer.class
com\webcheckers\ui\GetHomeRoute.class
com\webcheckers\ui\GetGameRoute.class
com\webcheckers\model\Move.class
com\webcheckers\ui\PostSignOutRoute.class
com\webcheckers\appl\GameCenter.class
com\webcheckers\model\Player.class
com\webcheckers\model\Row$1.class
com\webcheckers\model\Piece.class
com\webcheckers\appl\PlayerLobby$LoginResult.class
com\webcheckers\model\Piece$PieceType.class
com\webcheckers\util\Message$Type.class
com\webcheckers\ui\PostBackupMoveRoute.class
com\webcheckers\model\Position.class
com\webcheckers\model\BoardView.class
com\webcheckers\model\Turn.class
com\webcheckers\ui\PostExitGameRoute.class
com\webcheckers\model\Board.class
com\webcheckers\ui\GetSignInRoute.class
com\webcheckers\ui\PostCheckTurnRoute.class
com\webcheckers\ui\PostResignGameRoute.class
com\webcheckers\ui\PostSignInRoute.class
com\webcheckers\model\Turn$State.class
com\webcheckers\model\AIPlayer.class
com\webcheckers\model\BoardView$1.class
com\webcheckers\model\CheckersGame.class
com\webcheckers\model\Row.class
com\webcheckers\appl\PlayerLobby.class
com\webcheckers\model\Move$Type.class
com\webcheckers\ui\PostValidateMoveRoute.class
com\webcheckers\util\Message.class
com\webcheckers\ui\PostSubmitTurnRoute.class
com\webcheckers\model\CheckersGame$ActiveColor.class
com\webcheckers\model\Piece$PieceColor.class
com\webcheckers\model\Board$1.class
com\webcheckers\model\CheckersGame$State.class
com\webcheckers\model\Space.class
com\webcheckers\Application.class
