C:\Users\frank\Desktop\SWEN-261 Intro to Software Engineering\team-project-2195-swen-261-07-c-dingos\src\test\java\com\webcheckers\model\MoveTest.java
C:\Users\frank\Desktop\SWEN-261 Intro to Software Engineering\team-project-2195-swen-261-07-c-dingos\src\test\java\com\webcheckers\ui\PostSubmitTurnRouteTest.java
C:\Users\frank\Desktop\SWEN-261 Intro to Software Engineering\team-project-2195-swen-261-07-c-dingos\src\test\java\com\webcheckers\ui\GetSignInRouteTest.java
C:\Users\frank\Desktop\SWEN-261 Intro to Software Engineering\team-project-2195-swen-261-07-c-dingos\src\test\java\com\webcheckers\ui\PostSignOutRouteTest.java
C:\Users\frank\Desktop\SWEN-261 Intro to Software Engineering\team-project-2195-swen-261-07-c-dingos\src\test\java\com\webcheckers\model\PieceTest.java
C:\Users\frank\Desktop\SWEN-261 Intro to Software Engineering\team-project-2195-swen-261-07-c-dingos\src\test\java\com\webcheckers\model\RowTest.java
C:\Users\frank\Desktop\SWEN-261 Intro to Software Engineering\team-project-2195-swen-261-07-c-dingos\src\test\java\com\webcheckers\model\SpaceTest.java
C:\Users\frank\Desktop\SWEN-261 Intro to Software Engineering\team-project-2195-swen-261-07-c-dingos\src\test\java\com\webcheckers\ui\PostValidateMoveRouteTest.java
C:\Users\frank\Desktop\SWEN-261 Intro to Software Engineering\team-project-2195-swen-261-07-c-dingos\src\test\java\com\webcheckers\ui\GetGameRouteTest.java
C:\Users\frank\Desktop\SWEN-261 Intro to Software Engineering\team-project-2195-swen-261-07-c-dingos\src\test\java\com\webcheckers\ui\PostSignInRouteTest.java
C:\Users\frank\Desktop\SWEN-261 Intro to Software Engineering\team-project-2195-swen-261-07-c-dingos\src\test\java\com\webcheckers\model\BoardViewTest.java
C:\Users\frank\Desktop\SWEN-261 Intro to Software Engineering\team-project-2195-swen-261-07-c-dingos\src\test\java\com\webcheckers\model\PlayerTest.java
C:\Users\frank\Desktop\SWEN-261 Intro to Software Engineering\team-project-2195-swen-261-07-c-dingos\src\test\java\com\webcheckers\ui\TemplateEngineTester.java
C:\Users\frank\Desktop\SWEN-261 Intro to Software Engineering\team-project-2195-swen-261-07-c-dingos\src\test\java\com\webcheckers\model\CheckersGameTest.java
C:\Users\frank\Desktop\SWEN-261 Intro to Software Engineering\team-project-2195-swen-261-07-c-dingos\src\test\java\com\webcheckers\model\TurnTest.java
C:\Users\frank\Desktop\SWEN-261 Intro to Software Engineering\team-project-2195-swen-261-07-c-dingos\src\test\java\com\webcheckers\ui\GetHomeRouteTest.java
C:\Users\frank\Desktop\SWEN-261 Intro to Software Engineering\team-project-2195-swen-261-07-c-dingos\src\test\java\com\webcheckers\appl\PlayerLobbyTest.java
C:\Users\frank\Desktop\SWEN-261 Intro to Software Engineering\team-project-2195-swen-261-07-c-dingos\src\test\java\com\webcheckers\model\PositionTest.java
